exports[`App Enzyme shallow matches snapshot 1`] = `
<div
  id="app-container">
  <div
    id="app-pager-container">
    <div
      id="app-page-events">
      <EventList
        appOnPage="events"
        closingTime="17:00"
        datacount={null}
        dataset={null}
        hide={true}
        networkConnected={false} />
      <Header
        appOnPage="events"
        hide={true}
        networkConnected={false} />
      <div
        className="no-data-init notranslate">
        <p>
          Loading data. Thank you for your patience.
        </p>
      </div>
    </div>
    <div
      id="app-page-map">
      <Map />
    </div>
  </div>
</div>
`;
